<!DOCTYPE html>
<html lang="en">
<head>
  <meta charset="UTF-8">
  <title>Bán chó Golden</title>
  <link rel="stylesheet" href="../css/style.css">
</head>
<body>
<div class="container">
  <div class="page-block">
    <div class="page-block-header">
      <h1 class="page-block-header-title">Golden</h1>
    </div>
    <ul class="page-block-product">
      <li id="product-1">
        <div class="product-card">
          <a class="product-link" href="#">
            <div class="product-card-top">
              <img src="img/Golden/Golden-Vang-Bo-C12494-1-375x375.jpg" alt="Golden Vàng Bò"
                   width="375" height="375">
            </div>
            <div class="product-card-content">
              <h3 class="product-card-title">Golden Vàng Bò Đực C12494</h3>
              <p class="product-card_price">
                <span class="product-card_price-ins">13,857,000 ₫</span>
              </p>
            </div>
          </a>
        </div>
      </li>
      <li id="product-2">
        <div class="product-card">
          <a class="product-link" href="#">
            <div class="product-card-top">
              <img src="img/Golden/C12161-1-375x375.jpg" alt="Golden Retriever Vàng Bò"
                   width="375" height="375">
            </div>
            <div class="product-card-content">
              <h3 class="product-card-title">Golden Retriever Vàng Bò Đực C12161</h3>
              <p class="product-card_price">
                <span class="product-card_price-ins">13,847,000 ₫</span>
              </p>
            </div>
          </a>
        </div>
      </li>
      <li id="product-3">
        <div class="product-card">
          <a class="product-link" href="#">
            <div class="product-card-top">
              <img src="img/Golden/Golden-Retriever-Vang-Kim-C12449-1.jpg" alt="Golden Retriever Vàng Kim"
                   width="1000" height="1000">
            </div>
            <div class="product-card-content">
              <h3 class="product-card-title">Golden Retriever Vàng Kim Đực C12449</h3>
              <p class="product-card_price">
                <span class="product-card_price-ins">13,900,000 ₫</span>
              </p>
            </div>
          </a>
        </div>
      </li>
      <li id="product-4">
        <div class="product-card">
          <a class="product-link" href="#">
            <div class="product-card-top">
              <img src="img/Golden/Golden-Retriever-Vang-Kim-C12448-1.jpg" alt="Golden Retriever Vàng Kim"
                   width="1000" height="1000">
            </div>
            <div class="product-card-content">
              <h3 class="product-card-title">Golden Retriever Vàng Kim Đực C12448</h3>
              <p class="product-card_price">
                <span class="product-card_price-ins">13,900,000 ₫</span>
              </p>
            </div>
          </a>
        </div>
      </li>
      <li id="product-5">
        <div class="product-card">
          <a class="product-link" href="#">
            <div class="product-card-top">
              <img src="img/Golden/Golden-Retriever-Vang-Kim-C12447-1-375x375.jpg" alt="Golden Vàng Bò"
                   height="375" width="375"/>
            </div>
            <div class="product-card-content">
              <h3 class="product-card-title">Golden Retriever Vàng Kim Đực C12447</h3>
              <p class="product-card_price">
                <span class="product-card_price-ins">13,900,000 ₫</span>
              </p>
            </div>
          </a>
        </div>
      </li>
      <li id="product-6">
        <div class="product-card">
          <a class="product-link" href="#">
            <div class="product-card-top">
              <img src="img/Golden/Golden-Retriever-Vang-Kim-C12301-1-375x375.jpg" alt="Golden Retriever Vàng Kim"
                   width="375" height="375">
            </div>
            <div class="product-card-content">
              <h3 class="product-card-title">Golden Retriever Vàng Kim Cái C12301</h3>
              <p class="product-card_price">
                <span class="product-card_price-ins">13,900,000 ₫</span>
              </p>
            </div>
          </a>
        </div>
      </li>
      <li id="product-7">
        <div class="product-card">
          <a class="product-link" href="#">
            <div class="product-card-top">
              <img src="img/Golden/Golden-Retriever-Vang-Kim-C12300-1-375x375.jpg" alt="Golden Retriever Vàng Kim"
                   height="375" width="375"/>
            </div>
            <div class="product-card-content">
              <h3 class="product-card-title">Golden Retriever Vàng Kim Đực C12300</h3>
              <p class="product-card_price">
                <span class="product-card_price-ins">13,900,000 ₫</span>
              </p>
            </div>
          </a>
        </div>
      </li>
      <li id="product-8">
        <div class="product-card">
          <a class="product-link" href="#">
            <div class="product-card-top">
              <img src="img/Golden/Golden-Retriever-Vang-Kim-C12261-1-375x375.jpg" alt="Golden Retriever Vàng Kim"
                   height="375" width="375"/>
            </div>
            <div class="product-card-content">
              <h3 class="product-card-title">Golden Retriever Vàng Kim Cái C12261</h3>
              <p class="product-card_price">
                <span class="product-card_price-ins">13,900,000 ₫</span>
              </p>
            </div>
          </a>
        </div>
      </li>
      <li id="product-9">
        <div class="product-card">
          <a class="product-link" href="#">
            <div class="product-card-top">
              <img src="img/Golden/Golden-Retriever-Vang-Kim-C12260-1-375x375.jpg" alt="Golden Retriever Vàng Kim"
                   width="375" height="375">
            </div>
            <div class="product-card-content">
              <h3 class="product-card-title">Golden Retriever Vàng Kim Đực C12260</h3>
              <p class="product-card_price">
                <span class="product-card_price-ins">13,900,000 ₫</span>
              </p>
            </div>
          </a>
        </div>
      </li>
      <li id="product-10">
        <div class="product-card">
          <a class="product-link" href="#">
            <div class="product-card-top">
              <img src="img/Golden/C12142-1-375x375.jpg" alt="Golden Retriever Vàng Kim"
                   width="375" height="375">
            </div>
            <div class="product-card-content">
              <h3 class="product-card-title">Golden Retriever Vàng Kim Đực C12142</h3>
              <p class="product-card_price">
                <span class="product-card_price-ins">13,900,000 ₫</span>
              </p>
            </div>
          </a>
        </div>
      </li>
      <li id="product-11">
        <div class="product-card">
          <a class="product-link" href="#">
            <div class="product-card-top">
              <img src="img/Golden/C12102-1-375x375.jpg" alt="Golden Retriever Vàng Kim"
                   width="375" height="375">
            </div>
            <div class="product-card-content">
              <h3 class="product-card-title">Golden Retriever Vàng Kim C12102</h3>
              <p class="product-card_price">
                <span class="product-card_price-ins">13,900,000 ₫</span>
              </p>
            </div>
          </a>
        </div>
      </li>
      <li id="product-12">
        <div class="product-card">
          <a class="product-link" href="#">
            <div class="product-card-top">
              <img src="img/Golden/C12101-1-1-375x375.jpg" alt="Golden Retriever Vàng Kim"
                   width="375" height="375">
            </div>
            <div class="product-card-content">
              <h3 class="product-card-title">Golden Retriever Vàng Kim C12101</h3>
              <p class="product-card_price">
                <span class="product-card_price-ins">13,900,000 ₫</span>
              </p>
            </div>
          </a>
        </div>
      </li>
    </ul>
  </div>
</div>
</body>
</html>
